###############################################################################
#                                                                             #
# IAR ELF Linker V6.30.4.53288/W32 for ARM              30/Sep/2013  21:46:35 #
# Copyright 2007-2011 IAR Systems AB.                                         #
#                                                                             #
#    Output file  =  D:\balance car（9.28高速但出赛道）\bin\Flash\Exe\balance #
#                     car.out                                                 #
#    Map file     =  D:\balance car（9.28高速但出赛道）\bin\Flash\List\balanc #
#                    e car.map                                                #
#    Command line =  "D:\balance car（9.28高速但出赛道）\bin\Flash\Obj\LQ1286 #
#                    4.o" "D:\balance car（9.28高速但出赛道）\bin\Flash\Obj\a #
#                    dc.o" "D:\balance car（9.28高速但出赛道）\bin\Flash\Obj\ #
#                    common.o" "D:\balance car（9.28高速但出赛道）\bin\Flash\ #
#                    Obj\control.o" "D:\balance car（9.28高速但出赛道）\bin\F #
#                    lash\Obj\crt0.o" "D:\balance                             #
#                    car（9.28高速但出赛道）\bin\Flash\Obj\decoder.o"         #
#                    "D:\balance car（9.28高速但出赛道）\bin\Flash\Obj\delay. #
#                    o" "D:\balance car（9.28高速但出赛道）\bin\Flash\Obj\gpi #
#                    o.o" "D:\balance car（9.28高速但出赛道）\bin\Flash\Obj\i #
#                    2c.o" "D:\balance car（9.28高速但出赛道）\bin\Flash\Obj\ #
#                    isr.o" "D:\balance car（9.28高速但出赛道）\bin\Flash\Obj #
#                    \light.o" "D:\balance car（9.28高速但出赛道）\bin\Flash\ #
#                    Obj\main.o" "D:\balance car（9.28高速但出赛道）\bin\Flas #
#                    h\Obj\pit.o" "D:\balance car（9.28高速但出赛道）\bin\Fla #
#                    sh\Obj\pwm.o" "D:\balance car（9.28高速但出赛道）\bin\Fl #
#                    ash\Obj\start.o" "D:\balance                             #
#                    car（9.28高速但出赛道）\bin\Flash\Obj\sysinit.o"         #
#                    "D:\balance car（9.28高速但出赛道）\bin\Flash\Obj\uart.o #
#                    " "D:\balance car（9.28高速但出赛道）\bin\Flash\Obj\vect #
#                    ors.o" "D:\balance car（9.28高速但出赛道）\bin\Flash\Obj #
#                    \wdog.o" --redirect _Printf=_PrintfFull --redirect       #
#                    _Scanf=_ScanfFull -o "D:\balance                         #
#                    car（9.28高速但出赛道）\bin\Flash\Exe\balance car.out"   #
#                    --map "D:\balance car（9.28高速但出赛道）\bin\Flash\List #
#                    \balance car.map" --config "D:\balance                   #
#                    car（9.28高速但出赛道）\src\Project_Settings\Link\Pflash #
#                    .icf" --semihosting --entry __iar_program_start --vfe    #
#                                                                             #
#                                                                             #
###############################################################################

*******************************************************************************
*** RUNTIME MODEL ATTRIBUTES
***

CppFlavor       = *
__SystemLibrary = DLib


*******************************************************************************
*** PLACEMENT SUMMARY
***

"A1":  place at 0x00000000 { ro section .intvec };
"A2":  place at 0x00000410 { ro section .noinit };
"P1":  place in [from 0x00000000 to 0x00080000] { ro, block CodeRelocate };
"P2":  place in [from 0x1fff0410 to 0x20010000] {
          rw, block CodeRelocateRam, block CSTACK, block HEAP };

  Section              Kind        Address    Size  Object
  -------              ----        -------    ----  ------
"A1":                                        0x410
  .intvec              const    0x00000000   0x410  vectors.o [1]
                              - 0x00000410   0x410

"A2":                                         0x3c
  .noinit              ro code  0x00000410    0x3c  crt0.o [1]
                              - 0x0000044c    0x3c

"P1":                                       0x358c
  .text                ro code  0x0000044c   0xfa8  control.o [1]
  .text                ro code  0x000013f4   0x284  adc.o [1]
  .text                ro code  0x00001678    0x2c  I32ToDbl.o [4]
  .text                ro code  0x000016a4   0x1a2  DblMul.o [4]
  .text                ro code  0x00001846    0x22  zero_init3.o [5]
  .text                ro code  0x00001868    0x90  DblToFlt.o [4]
  .text                ro code  0x000018f8    0xe6  FltSub.o [4]
  .text                ro code  0x000019de     0x2  vectors.o [1]
  .text                ro code  0x000019e0    0x4e  FltToDbl.o [4]
  .text                ro code  0x00001a30   0x246  DblDiv.o [4]
  .text                ro code  0x00001c78    0x84  FltAdd.o [4]
  .text                ro code  0x00001cfc    0xfc  FltDiv.o [4]
  .text                ro code  0x00001df8    0xe8  DblAdd.o [4]
  .text                ro code  0x00001ee0    0x24  FltCmpGe.o [4]
  .text                ro code  0x00001f04    0x2e  I32ToFlt.o [4]
  .text                ro code  0x00001f34    0x24  FltCmpLe.o [4]
  .text                ro code  0x00001f58    0xd8  FltMul.o [4]
  .text                ro code  0x00002030    0x94  gpio.o [1]
  .text                ro code  0x000020c4   0x398  LQ12864.o [1]
  .text                ro code  0x0000245c    0x48  delay.o [1]
  .text                ro code  0x000024a4    0x44  FltToS32.o [4]
  .text                ro code  0x000024e8   0x16c  DblSub.o [4]
  .rodata              const    0x00002654   0x5f0  LQ12864.o [1]
  Veneer               ro code  0x00002c44     0x8  - Linker created -
  .text                ro code  0x00002c4c   0x210  sysinit.o [1]
  .text                ro code  0x00002e5c   0x20c  uart.o [1]
  .text                ro code  0x00003068   0x1fc  main.o [1]
  .text                ro code  0x00003264   0x164  pwm.o [1]
  .text                ro code  0x000033c8   0x114  decoder.o [1]
  .text                ro code  0x000034dc    0x4c  DblToI32.o [4]
  .text                ro code  0x00003528    0xb8  pit.o [1]
  .text                ro code  0x000035e0    0xb4  common.o [1]
  .text                ro code  0x00003694   0x180  isr.o [1]
  .text                ro code  0x00003814    0xb0  start.o [1]
  .text                ro code  0x000038c4    0x38  wdog.o [1]
  CodeRelocate                  0x000038fc    0x4c  <Block>
    Initializer bytes  ro data  0x000038fc    0x4c  <for CodeRelocateRam-1>
  .text                ro code  0x00003948    0x2c  data_init3.o [5]
  .iar.init_table      const    0x00003974    0x10  - Linker created -
  .text                ro code  0x00003984    0x16  cmain.o [5]
  .text                ro code  0x0000399a     0x4  low_level_init.o [3]
  .text                ro code  0x0000399e     0x4  exit.o [3]
  .text                ro code  0x000039a4     0xa  cexit.o [5]
  .text                ro code  0x000039b0    0x14  exit.o [6]
  .text                ro code  0x000039c4     0xc  cstartup_M.o [5]
  .data_init                    0x000039d0     0x8  <Block>
    Initializer bytes  ro data  0x000039d0     0x8  <for .data-1>
  .rodata              const    0x000039d8     0x0  bwt_init3c.o [5]
                              - 0x000039d8  0x358c

"P2", part 1 of 2:                            0x54
  CodeRelocateRam               0x1fff0410    0x4c  <Block>
    CodeRelocateRam-1           0x1fff0410    0x4c  <Init block>
      .textrw          inited   0x1fff0410    0x4c  sysinit.o [1]
  .data                         0x1fff045c     0x8  <Block>
    .data-1                     0x1fff045c     0x6  <Init block>
      .data            inited   0x1fff045c     0x2  control.o [1]
      .data            inited   0x1fff045e     0x2  control.o [1]
      .data            inited   0x1fff0460     0x1  control.o [1]
      .data            inited   0x1fff0461     0x1  control.o [1]
                              - 0x1fff0464    0x54

"P2", part 2 of 2:                           0x1b0
  .bss                          0x1fff0464   0x1b0  <Block>
    .bss               zero     0x1fff0464    0x10  adc.o [1]
    .bss               zero     0x1fff0474     0xc  control.o [1]
    .bss               zero     0x1fff0480    0x14  control.o [1]
    .bss               zero     0x1fff0494     0x4  control.o [1]
    .bss               zero     0x1fff0498     0x4  control.o [1]
    .bss               zero     0x1fff049c     0x4  control.o [1]
    .bss               zero     0x1fff04a0     0x4  control.o [1]
    .bss               zero     0x1fff04a4     0x4  control.o [1]
    .bss               zero     0x1fff04a8     0x4  control.o [1]
    .bss               zero     0x1fff04ac     0x4  control.o [1]
    .bss               zero     0x1fff04b0     0x4  control.o [1]
    .bss               zero     0x1fff04b4     0x4  control.o [1]
    .bss               zero     0x1fff04b8     0x4  control.o [1]
    .bss               zero     0x1fff04bc     0x4  control.o [1]
    .bss               zero     0x1fff04c0     0x4  control.o [1]
    .bss               zero     0x1fff04c4     0x4  control.o [1]
    .bss               zero     0x1fff04c8     0x4  control.o [1]
    .bss               zero     0x1fff04cc     0x4  control.o [1]
    .bss               zero     0x1fff04d0     0x4  control.o [1]
    .bss               zero     0x1fff04d4    0x80  isr.o [1]
    .bss               zero     0x1fff0554    0x80  isr.o [1]
    .bss               zero     0x1fff05d4     0x4  sysinit.o [1]
    .bss               zero     0x1fff05d8     0x4  sysinit.o [1]
    .bss               zero     0x1fff05dc     0x4  sysinit.o [1]
    .bss               zero     0x1fff05e0     0x2  control.o [1]
    .bss               zero     0x1fff05e2     0x2  control.o [1]
    .bss               zero     0x1fff05e4     0x2  control.o [1]
    .bss               zero     0x1fff05e6     0x2  control.o [1]
    .bss               zero     0x1fff05e8     0x2  control.o [1]
    .bss               zero     0x1fff05ea     0x2  control.o [1]
    .bss               zero     0x1fff05ec     0x2  control.o [1]
    .bss               zero     0x1fff05ee     0x2  control.o [1]
    .bss               zero     0x1fff05f0     0x2  control.o [1]
    .bss               zero     0x1fff05f2     0x2  control.o [1]
    .bss               zero     0x1fff05f4     0x2  control.o [1]
    .bss               zero     0x1fff05f6     0x2  control.o [1]
    .bss               zero     0x1fff05f8     0x2  control.o [1]
    .bss               zero     0x1fff05fa     0x2  control.o [1]
    .bss               zero     0x1fff05fc     0x2  control.o [1]
    .bss               zero     0x1fff05fe     0x2  control.o [1]
    .bss               zero     0x1fff0600     0x2  control.o [1]
    .bss               zero     0x1fff0602     0x2  control.o [1]
    .bss               zero     0x1fff0604     0x2  isr.o [1]
    .bss               zero     0x1fff0606     0x1  control.o [1]
    .bss               zero     0x1fff0607     0x1  control.o [1]
    .bss               zero     0x1fff0608     0x1  control.o [1]
    .bss               zero     0x1fff0609     0x1  control.o [1]
    .bss               zero     0x1fff060a     0x1  control.o [1]
    .bss               zero     0x1fff060b     0x1  isr.o [1]
    .bss               zero     0x1fff060c     0x1  isr.o [1]
    .bss               zero     0x1fff060d     0x1  isr.o [1]
    .bss               zero     0x1fff060e     0x1  isr.o [1]
    .bss               zero     0x1fff060f     0x1  isr.o [1]
    .bss               zero     0x1fff0610     0x1  main.o [1]
    .bss               zero     0x1fff0611     0x1  main.o [1]
    .bss               zero     0x1fff0612     0x1  main.o [1]
    .bss               zero     0x1fff0613     0x1  main.o [1]
                              - 0x1fff0614   0x1b0


*******************************************************************************
*** INIT TABLE
***

          Address     Size
          -------     ----
Zero (__iar_zero_init3)
    1 destination range, total size 0x1b0:
          0x1fff0464  0x1b0



*******************************************************************************
*** MODULE SUMMARY
***

    Module            ro code  rw code  ro data  rw data
    ------            -------  -------  -------  -------
D:\balance car（9.28高速但出赛道）\bin\Flash\Obj: [1]
    LQ12864.o             920             1 520
    adc.o                 644                         16
    common.o              180
    control.o           4 008                 6      143
    crt0.o                 60
    decoder.o             276
    delay.o                72
    gpio.o                148
    isr.o                 384                        263
    main.o                508                          4
    pit.o                 184
    pwm.o                 356
    start.o               176
    sysinit.o             528       76       76       12
    uart.o                524
    vectors.o               2             1 040
    wdog.o                 56
    ----------------------------------------------------
    Total:              9 026       76    2 642      438

command line: [2]
    ----------------------------------------------------
    Total:

dl7M_tln.a: [3]
    exit.o                  4
    low_level_init.o        4
    ----------------------------------------------------
    Total:                  8

m7M_tl.a: [4]
    DblAdd.o              232
    DblDiv.o              582
    DblMul.o              418
    DblSub.o              364
    DblToFlt.o            144
    DblToI32.o             76
    FltAdd.o              132
    FltCmpGe.o             36
    FltCmpLe.o             36
    FltDiv.o              252
    FltMul.o              216
    FltSub.o              230
    FltToDbl.o             78
    FltToS32.o             68
    I32ToDbl.o             44
    I32ToFlt.o             46
    ----------------------------------------------------
    Total:              2 954

rt7M_tl.a: [5]
    bwt_init3c.o
    cexit.o                10
    cmain.o                22
    cstartup_M.o           12
    data_init3.o           44
    zero_init3.o           34
    ----------------------------------------------------
    Total:                122

shb_l.a: [6]
    exit.o                 20
    ----------------------------------------------------
    Total:                 20

    Gaps                   10
    Linker created          8                18
--------------------------------------------------------
    Grand Total:       12 148       76    2 660      438


*******************************************************************************
*** ENTRY LIST
***

Entry                      Address   Size  Type      Object
-----                      -------   ----  ----      ------
.bss$$Base              0x1fff0464          --   Gb  - Linker created -
.bss$$Limit             0x1fff0614          --   Gb  - Linker created -
.data$$Base             0x1fff045c          --   Gb  - Linker created -
.data$$Limit            0x1fff0464          --   Gb  - Linker created -
.data_init$$Base        0x000039d0          --   Gb  - Linker created -
.data_init$$Limit       0x000039d8          --   Gb  - Linker created -
?main                   0x00003985         Code  Gb  cmain.o [5]
AngleCalculate          0x0000051d   0xae  Code  Gb  control.o [1]
AngleControl            0x000005cb   0x4e  Code  Gb  control.o [1]
BlackManange            0x00000e2b   0xae  Code  Gb  control.o [1]
CCD_init                0x00000859   0x42  Code  Gb  control.o [1]
CalculateIntegrationTime
                        0x00000bd5   0xa6  Code  Gb  control.o [1]
CalculateIntegrationTimeRight
                        0x00000c7b   0xa6  Code  Gb  control.o [1]
Clear                   0x0000133d   0x14  Code  Gb  control.o [1]
CodeRelocate$$Base      0x000038fc          --   Gb  - Linker created -
CodeRelocate$$Limit     0x00003948          --   Gb  - Linker created -
CodeRelocateRam$$Base   0x1fff0410          --   Gb  - Linker created -
CodeRelocateRam$$Limit  0x1fff045c          --   Gb  - Linker created -
DirectionControl        0x00000f75   0x88  Code  Gb  control.o [1]
DirectionControlOutput  0x00001009   0x40  Code  Gb  control.o [1]
F8X16                   0x00002654  0x5f0  Data  Gb  LQ12864.o [1]
FTM_QUAD_init           0x000033c9  0x114  Code  Gb  decoder.o [1]
GetMotorPulse           0x00000619   0x92  Code  Gb  control.o [1]
GetOFFSET               0x000004df   0x3e  Code  Gb  control.o [1]
GetSamplezhi            0x00000487   0x58  Code  Gb  control.o [1]
ImageCapture            0x00000a21   0xda  Code  Gb  control.o [1]
ImageCapture_1          0x00000afb   0xda  Code  Gb  control.o [1]
IntegrationTime         0x1fff0460    0x1  Data  Gb  control.o [1]
IntegrationTime_Right   0x1fff0461    0x1  Data  Gb  control.o [1]
KeyScan                 0x000012c9   0x34  Code  Gb  control.o [1]
KeyScan_1               0x000012fd   0x34  Code  Gb  control.o [1]
LCD_DLY_ms              0x00002227   0x1a  Code  Gb  LQ12864.o [1]
LCD_Fill                0x000021eb   0x3c  Code  Gb  LQ12864.o [1]
LCD_Init                0x00002241  0x13a  Code  Gb  LQ12864.o [1]
LCD_P8x16_number        0x0000237b   0xc4  Code  Gb  LQ12864.o [1]
LCD_Set_Pos             0x000021bf   0x2c  Code  Gb  LQ12864.o [1]
LCD_WrCmd               0x00002145   0x7a  Code  Gb  LQ12864.o [1]
LCD_WrDat               0x000020c5   0x7e  Code  Gb  LQ12864.o [1]
LCD_show                0x00000ed9   0x4a  Code  Gb  control.o [1]
Master_Adc_Config       0x1fff0464   0x10  Data  Gb  adc.o [1]
MotorOutput             0x00001065   0x88  Code  Gb  control.o [1]
MotorSpeedOut           0x000010f5   0x58  Code  Gb  control.o [1]
Motor_init              0x00003265  0x106  Code  Gb  pwm.o [1]
Pixel                   0x1fff04d4   0x80  Data  Gb  isr.o [1]
PixelAverage            0x00000d21   0x28  Code  Gb  control.o [1]
PixelAverageValue       0x1fff0607    0x1  Data  Gb  control.o [1]
PixelAverageValue_Right
                        0x1fff0609    0x1  Data  Gb  control.o [1]
PixelAverageVoltage     0x1fff0608    0x1  Data  Gb  control.o [1]
PixelAverageVoltageError
                        0x1fff0602    0x2  Data  Gb  control.o [1]
PixelAverageVoltage_Right
                        0x1fff060a    0x1  Data  Gb  control.o [1]
Pixel_1                 0x1fff0554   0x80  Data  Gb  isr.o [1]
Region$$Table$$Base     0x00003974          --   Gb  - Linker created -
Region$$Table$$Limit    0x00003984          --   Gb  - Linker created -
SamplingDelay           0x00000f51   0x24  Code  Gb  control.o [1]
SetMotorVoltage         0x00001185  0x10c  Code  Gb  control.o [1]
SpeedControl            0x000006ab  0x16e  Code  Gb  control.o [1]
SpeedControlOutput      0x00000819   0x40  Code  Gb  control.o [1]
StartIntegration        0x000008c9   0xac  Code  Gb  control.o [1]
StartIntegrationRight   0x00000975   0xac  Code  Gb  control.o [1]
TIME1flag_20ms          0x1fff060f    0x1  Data  Gb  isr.o [1]
TargetPixelAverageVoltage
                        0x1fff045c    0x2  Data  Gb  control.o [1]
TargetPixelAverageVoltageAllowError
                        0x1fff045e    0x2  Data  Gb  control.o [1]
TimerCnt20ms            0x1fff060c    0x1  Data  Lc  isr.o [1]
__BOOT_STACK_ADDRESS {Abs}
                        0x2000fff8          --   Gb  command line/config [2]
__VECTOR_RAM {Abs}      0x1fff0000          --   Gb  command line/config [2]
__VECTOR_TABLE {Abs}    0x00000000          --   Gb  command line/config [2]
__aeabi_cfcmple         0x00001f35         Code  Gb  FltCmpLe.o [4]
__aeabi_cfrcmple        0x00001ee1         Code  Gb  FltCmpGe.o [4]
__aeabi_d2f             0x00001869         Code  Gb  DblToFlt.o [4]
__aeabi_d2iz            0x000034dd         Code  Gb  DblToI32.o [4]
__aeabi_dadd            0x00001df9         Code  Gb  DblAdd.o [4]
__aeabi_ddiv            0x00001a31         Code  Gb  DblDiv.o [4]
__aeabi_dmul            0x000016a5         Code  Gb  DblMul.o [4]
__aeabi_f2d             0x000019e1         Code  Gb  FltToDbl.o [4]
__aeabi_f2iz            0x000024a5         Code  Gb  FltToS32.o [4]
__aeabi_fadd            0x00001c79         Code  Gb  FltAdd.o [4]
__aeabi_fdiv            0x00001cfd         Code  Gb  FltDiv.o [4]
__aeabi_fmul            0x00001f59         Code  Gb  FltMul.o [4]
__aeabi_fsub            0x000018f9         Code  Gb  FltSub.o [4]
__aeabi_i2d             0x00001679         Code  Gb  I32ToDbl.o [4]
__aeabi_i2f             0x00001f05         Code  Gb  I32ToFlt.o [4]
__cmain                 0x00003985         Code  Gb  cmain.o [5]
__exit                  0x000039b1   0x14  Code  Gb  exit.o [6]
__iar_SB                0x000039d8         Data  Gb  bwt_init3c.o [5]
__iar_d2uiz             0x00003509         Code  Gb  DblToI32.o [4]
__iar_dadd              0x00001e0d         Code  Gb  DblAdd.o [4]
__iar_data_init3        0x00003949   0x2c  Code  Gb  data_init3.o [5]
__iar_dsub              0x000024e9         Code  Gb  DblSub.o [4]
__iar_dsubStart         0x000024fb         Code  Gb  DblSub.o [4]
__iar_fadd              0x00001c89         Code  Gb  FltAdd.o [4]
__iar_fsub              0x00001909         Code  Gb  FltSub.o [4]
__iar_fsubStart         0x00001919         Code  Gb  FltSub.o [4]
__iar_program_start     0x000039c5         Code  Gb  cstartup_M.o [5]
__iar_ui2d              0x0000168d         Code  Gb  I32ToDbl.o [4]
__iar_ui2f              0x00001f19         Code  Gb  I32ToFlt.o [4]
__iar_zero_init3        0x00001847   0x22  Code  Gb  zero_init3.o [5]
__low_level_init        0x0000399b    0x4  Code  Gb  low_level_init.o [3]
__startup               0x00000411         Code  Gb  crt0.o [1]
__vector_table          0x00000000  0x410  Data  Gb  vectors.o [1]
_call_main              0x00003991         Code  Gb  cmain.o [5]
_exit                   0x000039a5         Code  Gb  cexit.o [5]
_main                   0x00003997         Code  Gb  cmain.o [5]
a                       0x1fff0612    0x1  Data  Gb  main.o [1]
b                       0x1fff0613    0x1  Data  Gb  main.o [1]
button_init             0x0000089b   0x2e  Code  Gb  control.o [1]
common_startup          0x00003829   0x74  Code  Gb  start.o [1]
core_clk_khz            0x1fff05d4    0x4  Data  Gb  sysinit.o [1]
core_clk_mhz            0x1fff05d8    0x4  Data  Gb  sysinit.o [1]
default_isr             0x000019df    0x2  Code  Gb  vectors.o [1]
delay_ms                0x0000245d   0x38  Code  Gb  delay.o [1]
dev                     0x1fff05e4    0x2  Data  Gb  control.o [1]
enable_irq              0x000035e7   0x90  Code  Gb  common.o [1]
enable_pit_interrupt    0x00003587   0x4c  Code  Gb  pit.o [1]
exit                    0x0000399f    0x4  Code  Gb  exit.o [3]
fb_clk_init             0x00002cab   0x16  Code  Gb  sysinit.o [1]
g_fAngleControlOut      0x1fff04a4    0x4  Data  Gb  control.o [1]
g_fCarAngle             0x1fff049c    0x4  Data  Gb  control.o [1]
g_fCarSpeed             0x1fff04a8    0x4  Data  Gb  control.o [1]
g_fCarSpeedstart        0x1fff04ac    0x4  Data  Gb  control.o [1]
g_fDirectionControlOut  0x1fff04c8    0x4  Data  Gb  control.o [1]
g_fDirectionControlOutNew
                        0x1fff04c4    0x4  Data  Gb  control.o [1]
g_fDirectionControlOutOld
                        0x1fff04c0    0x4  Data  Gb  control.o [1]
g_fGravityAngle         0x1fff0494    0x4  Data  Gb  control.o [1]
g_fGyroscopeAngleIntergral
                        0x1fff04a0    0x4  Data  Gb  control.o [1]
g_fGyroscopeAngleSpeed  0x1fff0498    0x4  Data  Gb  control.o [1]
g_fLeftMotorOut         0x1fff04cc    0x4  Data  Gb  control.o [1]
g_fRightMotorOut        0x1fff04d0    0x4  Data  Gb  control.o [1]
g_fSpeedControlIntegral
                        0x1fff04b0    0x4  Data  Gb  control.o [1]
g_fSpeedControlOut      0x1fff04bc    0x4  Data  Gb  control.o [1]
g_fSpeedControlOutNew   0x1fff04b8    0x4  Data  Gb  control.o [1]
g_fSpeedControlOutOld   0x1fff04b4    0x4  Data  Gb  control.o [1]
g_lnInputVoltageSigma   0x1fff0480   0x14  Data  Gb  control.o [1]
g_n1MSEventCount        0x1fff060b    0x1  Data  Gb  isr.o [1]
g_nDirectionControlCount
                        0x1fff060e    0x1  Data  Gb  isr.o [1]
g_nDirectionControlPeriod
                        0x1fff05f0    0x2  Data  Gb  control.o [1]
g_nInputVoltage         0x1fff0474    0xc  Data  Gb  control.o [1]
g_nLeftMotorPulse       0x1fff05ec    0x2  Data  Gb  control.o [1]
g_nLeftMotorPulseSigma  0x1fff05fe    0x2  Data  Gb  control.o [1]
g_nRightMotorPulse      0x1fff05ee    0x2  Data  Gb  control.o [1]
g_nRightMotorPulseSigma
                        0x1fff0600    0x2  Data  Gb  control.o [1]
g_nSpeedControlCount    0x1fff060d    0x1  Data  Gb  isr.o [1]
g_nSpeedControlPeriod   0x1fff0606    0x1  Data  Gb  control.o [1]
getCCD                  0x00000ddf   0x4c  Code  Gb  control.o [1]
get_ad                  0x0000044d   0x3a  Code  Gb  control.o [1]
get_left                0x00000d49   0x4c  Code  Gb  control.o [1]
get_right               0x00000d95   0x4a  Code  Gb  control.o [1]
gpio_init               0x00002031   0x7a  Code  Gb  gpio.o [1]
gravity                 0x1fff05e6    0x2  Data  Gb  control.o [1]
gyro                    0x1fff05e8    0x2  Data  Gb  control.o [1]
gyro_direction          0x1fff05ea    0x2  Data  Gb  control.o [1]
hw_ad_ave               0x000014f3   0x42  Code  Gb  adc.o [1]
hw_ad_mid               0x0000148d   0x66  Code  Gb  adc.o [1]
hw_ad_once              0x00001443   0x4a  Code  Gb  adc.o [1]
hw_adc_config_alt       0x00001631   0x26  Code  Gb  adc.o [1]
hw_adc_convertstart     0x00001535   0xfc  Code  Gb  adc.o [1]
hw_adc_init             0x000013f5   0x4e  Code  Gb  adc.o [1]
hw_pit_init             0x00003529   0x5e  Code  Gb  pit.o [1]
integration_piont       0x1fff0610    0x1  Data  Gb  main.o [1]
integration_piont_Right
                        0x1fff0611    0x1  Data  Gb  main.o [1]
left                    0x1fff05f2    0x2  Data  Gb  control.o [1]
left_OFFSET             0x1fff05fa    0x2  Data  Gb  control.o [1]
left_c                  0x1fff05f6    0x2  Data  Gb  control.o [1]
left_l                  0x1fff05e0    0x2  Data  Gb  control.o [1]
main                    0x00003069   0x6a  Code  Gb  main.o [1]
periph_clk_khz          0x1fff05dc    0x4  Data  Gb  sysinit.o [1]
pit0_isr                0x00003695  0x180  Code  Gb  isr.o [1]
pll_init                0x00002cc1  0x15a  Code  Gb  sysinit.o [1]
right                   0x1fff05f4    0x2  Data  Gb  control.o [1]
right_OFFSET            0x1fff05fc    0x2  Data  Gb  control.o [1]
right_c                 0x1fff05f8    0x2  Data  Gb  control.o [1]
right_l                 0x1fff05e2    0x2  Data  Gb  control.o [1]
set_sys_dividers        0x1fff0411   0x4c  Code  Gb  sysinit.o [1]
speedflag               0x1fff0604    0x2  Data  Gb  isr.o [1]
start                   0x00003815   0x14  Code  Gb  start.o [1]
sysinit                 0x00002c4d   0x48  Code  Gb  sysinit.o [1]
system_init             0x000030d5  0x14a  Code  Gb  main.o [1]
trace_clk_init          0x00002c95   0x16  Code  Gb  sysinit.o [1]
uart_init               0x00002e5d  0x1ba  Code  Gb  uart.o [1]
wdog_disable            0x000038c5   0x16  Code  Gb  wdog.o [1]
wdog_unlock             0x000038dd   0x16  Code  Gb  wdog.o [1]
write_vtor              0x000035e1    0x6  Code  Gb  common.o [1]


[1] = D:\balance car（9.28高速但出赛道）\bin\Flash\Obj
[2] = command line
[3] = dl7M_tln.a
[4] = m7M_tl.a
[5] = rt7M_tl.a
[6] = shb_l.a

  12 148 bytes of readonly  code memory
      76 bytes of readwrite code memory
   2 660 bytes of readonly  data memory
     438 bytes of readwrite data memory

Errors: none
Warnings: none
