###############################################################################
#                                                                             #
# IAR ELF Linker V6.10.1.52143/W32 for ARM              05/Jan/2012  22:52:24 #
# Copyright 2007-2010 IAR Systems AB.                                         #
#                                                                             #
#    Output file  =  F:\Kinetis\IARK60X256\06_LQ_ADC_UART\bin\Flash\Exe\LQ_AD #
#                    C_UART.out                                               #
#    Map file     =  F:\Kinetis\IARK60X256\06_LQ_ADC_UART\bin\Flash\List\LQ_A #
#                    DC_UART.map                                              #
#    Command line =  F:\Kinetis\IARK60X256\06_LQ_ADC_UART\bin\Flash\Obj\commo #
#                    n.o F:\Kinetis\IARK60X256\06_LQ_ADC_UART\bin\Flash\Obj\c #
#                    rt0.o F:\Kinetis\IARK60X256\06_LQ_ADC_UART\bin\Flash\Obj #
#                    \gpio.o F:\Kinetis\IARK60X256\06_LQ_ADC_UART\bin\Flash\O #
#                    bj\isr.o F:\Kinetis\IARK60X256\06_LQ_ADC_UART\bin\Flash\ #
#                    Obj\light.o F:\Kinetis\IARK60X256\06_LQ_ADC_UART\bin\Fla #
#                    sh\Obj\main.o F:\Kinetis\IARK60X256\06_LQ_ADC_UART\bin\F #
#                    lash\Obj\start.o F:\Kinetis\IARK60X256\06_LQ_ADC_UART\bi #
#                    n\Flash\Obj\sysinit.o F:\Kinetis\IARK60X256\06_LQ_ADC_UA #
#                    RT\bin\Flash\Obj\uart.o F:\Kinetis\IARK60X256\06_LQ_ADC_ #
#                    UART\bin\Flash\Obj\vectors.o                             #
#                    F:\Kinetis\IARK60X256\06_LQ_ADC_UART\bin\Flash\Obj\wdog. #
#                    o -o F:\Kinetis\IARK60X256\06_LQ_ADC_UART\bin\Flash\Exe\ #
#                    LQ_ADC_UART.out --map F:\Kinetis\IARK60X256\06_LQ_ADC_UA #
#                    RT\bin\Flash\List\LQ_ADC_UART.map --config               #
#                    F:\Kinetis\IARK60X256\06_LQ_ADC_UART\src\Project_Setting #
#                    s\Link\Pflash.icf --semihosting --entry                  #
#                    __iar_program_start                                      #
#                                                                             #
#                                                                             #
###############################################################################

*******************************************************************************
*** MESSAGES
***

Warning[Lp012]: no sections with name .data_init included - special symbol
          .data_init$$Limit (referenced from
          F:\Kinetis\IARK60X256\06_LQ_ADC_UART\bin\Flash\Obj\start.o) will be
          zero
Warning[Lp012]: no sections with name .data included - special symbol
          .data$$Base (referenced from
          F:\Kinetis\IARK60X256\06_LQ_ADC_UART\bin\Flash\Obj\start.o) will be
          zero


*******************************************************************************
*** RUNTIME MODEL ATTRIBUTES
***

CppFlavor       = *
__SystemLibrary = DLib


*******************************************************************************
*** PLACEMENT SUMMARY
***

"A1":  place at 0x00000000 { ro section .intvec };
"A2":  place at 0x00000410 { ro section .noinit };
"P1":  place in [from 0x00000000 to 0x00080000] { ro, block CodeRelocate };
"P2":  place in [from 0x1fff0410 to 0x20010000] {
          rw, block CodeRelocateRam, block CSTACK, block HEAP };

  Section              Kind        Address   Size  Object
  -------              ----        -------   ----  ------
"A1":                                       0x410
  .intvec              const    0x00000000  0x410  vectors.o [1]
                              - 0x00000410  0x410

"A2":                                        0x3c
  .noinit              ro code  0x00000410   0x3c  crt0.o [1]
                              - 0x0000044c   0x3c

"P1":                                       0xa98
  .text                ro code  0x0000044c  0x3b0  main.o [1]
  .text                ro code  0x000007fc   0x14  light.o [1]
  .text                ro code  0x00000810  0x28e  uart.o [1]
  .text                ro code  0x00000a9e   0x22  zero_init3.o [4]
  .text                ro code  0x00000ac0   0xa2  gpio.o [1]
  .text                ro code  0x00000b62    0x2  vectors.o [1]
  Veneer               ro code  0x00000b64    0x8  - Linker created -
  .text                ro code  0x00000b6c  0x1ac  sysinit.o [1]
  .text                ro code  0x00000d18   0xb0  start.o [1]
  .text                ro code  0x00000dc8   0x38  wdog.o [1]
  .text                ro code  0x00000e00    0xc  common.o [1]
  CodeRelocate                  0x00000e0c   0x4c  <Block>
    Initializer bytes  ro data  0x00000e0c   0x4c  <for CodeRelocateRam-1>
  .text                ro code  0x00000e58   0x2c  data_init3.o [4]
  .iar.init_table      const    0x00000e84   0x10  - Linker created -
  .text                ro code  0x00000e94   0x16  cmain.o [4]
  .text                ro code  0x00000eaa    0x4  low_level_init.o [3]
  .text                ro code  0x00000eae    0x8  exit.o [3]
  .text                ro code  0x00000eb8    0xa  cexit.o [4]
  .text                ro code  0x00000ec4   0x14  exit.o [5]
  .text                ro code  0x00000ed8    0xc  cstartup_M.o [4]
                              - 0x00000ee4  0xa98

"P2", part 1 of 2:                           0x4c
  CodeRelocateRam               0x1fff0410   0x4c  <Block>
    CodeRelocateRam-1           0x1fff0410   0x4c  <Init block>
      .textrw          inited   0x1fff0410   0x4c  sysinit.o [1]
                              - 0x1fff045c   0x4c

"P2", part 2 of 2:                           0x1c
  .bss                          0x1fff045c   0x1c  <Block>
    .bss               zero     0x1fff045c   0x10  main.o [1]
    .bss               zero     0x1fff046c    0x4  sysinit.o [1]
    .bss               zero     0x1fff0470    0x4  sysinit.o [1]
    .bss               zero     0x1fff0474    0x4  sysinit.o [1]
                              - 0x1fff0478   0x1c


*******************************************************************************
*** INIT TABLE
***

          Address     Size
          -------     ----
Zero (__iar_zero_init3)
    1 destination range, total size 0x1c:
          0x1fff045c  0x1c


*******************************************************************************
*** MODULE SUMMARY
***

    Module            ro code  rw code  ro data  rw data
    ------            -------  -------  -------  -------
F:\Kinetis\IARK60X256\06_LQ_ADC_UART\bin\Flash\Obj: [1]
    common.o               12
    crt0.o                 60
    gpio.o                162
    light.o                20
    main.o                944                         16
    start.o               176
    sysinit.o             428       76       76       12
    uart.o                654
    vectors.o               2             1 040
    wdog.o                 56
    ----------------------------------------------------
    Total:              2 514       76    1 116       28

command line: [2]
    ----------------------------------------------------
    Total:

dl7M_tln.a: [3]
    exit.o                  8
    low_level_init.o        4
    ----------------------------------------------------
    Total:                 12

rt7M_tl.a: [4]
    cexit.o                10
    cmain.o                22
    cstartup_M.o           12
    data_init3.o           44
    zero_init3.o           34
    ----------------------------------------------------
    Total:                122

shb_l.a: [5]
    exit.o                 20
    ----------------------------------------------------
    Total:                 20

    Gaps                    4
    Linker created          8                16
--------------------------------------------------------
    Grand Total:        2 680       76    1 132       28


*******************************************************************************
*** ENTRY LIST
***

Entry                      Address   Size  Type      Object
-----                      -------   ----  ----      ------
.bss$$Base              0x1fff045c          --   Gb  - Linker created -
.bss$$Limit             0x1fff0478          --   Gb  - Linker created -
.data$$Base             0x00000000          --   Gb  - Linker created -
.data_init$$Base        0x00000000          --   Gb  - Linker created -
.data_init$$Limit       0x00000000          --   Gb  - Linker created -
?main                   0x00000e95         Code  Gb  cmain.o [4]
CodeRelocate$$Base      0x00000e0c          --   Gb  - Linker created -
CodeRelocate$$Limit     0x00000e58          --   Gb  - Linker created -
CodeRelocateRam$$Base   0x1fff0410          --   Gb  - Linker created -
CodeRelocateRam$$Limit  0x1fff045c          --   Gb  - Linker created -
Master_Adc_Config       0x1fff045c   0x10  Data  Gb  main.o [1]
Region$$Table$$Base     0x00000e84          --   Gb  - Linker created -
Region$$Table$$Limit    0x00000e94          --   Gb  - Linker created -
__BOOT_STACK_ADDRESS {Abs}
                        0x2000fff8          --   Gb  command line/config [2]
__VECTOR_RAM {Abs}      0x1fff0000          --   Gb  command line/config [2]
__VECTOR_TABLE {Abs}    0x00000000          --   Gb  command line/config [2]
__cmain                 0x00000e95         Code  Gb  cmain.o [4]
__exit                  0x00000ec5   0x14  Code  Gb  exit.o [5]
__iar_data_init3        0x00000e59   0x2c  Code  Gb  data_init3.o [4]
__iar_program_start     0x00000ed9         Code  Gb  cstartup_M.o [4]
__iar_zero_init3        0x00000a9f   0x22  Code  Gb  zero_init3.o [4]
__low_level_init        0x00000eab    0x4  Code  Gb  low_level_init.o [3]
__startup               0x00000411         Code  Gb  crt0.o [1]
__vector_table          0x00000000  0x410  Data  Gb  vectors.o [1]
_call_main              0x00000ea1         Code  Gb  cmain.o [4]
_exit                   0x00000eb9         Code  Gb  cexit.o [4]
_main                   0x00000ea7         Code  Gb  cmain.o [4]
common_startup          0x00000d2d   0x74  Code  Gb  start.o [1]
core_clk_khz            0x1fff046c    0x4  Data  Gb  sysinit.o [1]
core_clk_mhz            0x1fff0470    0x4  Data  Gb  sysinit.o [1]
default_isr             0x00000b63    0x2  Code  Gb  vectors.o [1]
exit                    0x00000eaf    0x8  Code  Gb  exit.o [3]
fb_clk_init             0x00000bcb   0x16  Code  Gb  sysinit.o [1]
get_byte_array_from_number
                        0x00000a19   0x5a  Code  Gb  uart.o [1]
gpio_init               0x00000ac1   0x7a  Code  Gb  gpio.o [1]
gpio_reverse            0x00000b55    0xe  Code  Gb  gpio.o [1]
hw_ad_ave               0x000005fd   0x42  Code  Gb  main.o [1]
hw_ad_mid               0x00000597   0x66  Code  Gb  main.o [1]
hw_ad_once              0x0000054d   0x4a  Code  Gb  main.o [1]
hw_adc_config_alt       0x0000070d   0x26  Code  Gb  main.o [1]
hw_adc_convertstart     0x0000063f   0xc8  Code  Gb  main.o [1]
hw_adc_init             0x000004ff   0x4e  Code  Gb  main.o [1]
light_change            0x00000809    0x8  Code  Gb  light.o [1]
light_init              0x000007fd    0xc  Code  Gb  light.o [1]
main                    0x0000044d   0xb2  Code  Gb  main.o [1]
periph_clk_khz          0x1fff0474    0x4  Data  Gb  sysinit.o [1]
pll_init                0x00000be1   0xf6  Code  Gb  sysinit.o [1]
set_sys_dividers        0x1fff0411   0x4c  Code  Gb  sysinit.o [1]
start                   0x00000d19   0x14  Code  Gb  start.o [1]
sysinit                 0x00000b6d   0x48  Code  Gb  sysinit.o [1]
trace_clk_init          0x00000bb5   0x16  Code  Gb  sysinit.o [1]
uart_init               0x00000811  0x174  Code  Gb  uart.o [1]
uart_send1              0x000009d5    0xa  Code  Gb  uart.o [1]
uart_sendN              0x000009df   0x1e  Code  Gb  uart.o [1]
uart_sendnumber         0x00000a73   0x2c  Code  Gb  uart.o [1]
uart_sendstring         0x000009fd   0x1c  Code  Gb  uart.o [1]
wdog_disable            0x00000dc9   0x16  Code  Gb  wdog.o [1]
wdog_unlock             0x00000de1   0x16  Code  Gb  wdog.o [1]
write_vtor              0x00000e01    0x6  Code  Gb  common.o [1]


[1] = F:\Kinetis\IARK60X256\06_LQ_ADC_UART\bin\Flash\Obj
[2] = command line
[3] = dl7M_tln.a
[4] = rt7M_tl.a
[5] = shb_l.a

  2 680 bytes of readonly  code memory
     76 bytes of readwrite code memory
  1 132 bytes of readonly  data memory
     28 bytes of readwrite data memory

Errors: none
Warnings: 2
