###############################################################################
#                                                                             #
# IAR ELF Linker V6.30.4.53288/W32 for ARM              05/May/2013  16:53:33 #
# Copyright 2007-2011 IAR Systems AB.                                         #
#                                                                             #
#    Output file  =  C:\Users\hp\Desktop\balance car\bin\Ram\Exe\balance      #
#                    car.out                                                  #
#    Map file     =  C:\Users\hp\Desktop\balance car\bin\Ram\List\balance     #
#                    car.map                                                  #
#    Command line =  "C:\Users\hp\Desktop\balance car\bin\Ram\Obj\I2C.o"      #
#                    "C:\Users\hp\Desktop\balance car\bin\Ram\Obj\adc.o"      #
#                    "C:\Users\hp\Desktop\balance car\bin\Ram\Obj\common.o"   #
#                    "C:\Users\hp\Desktop\balance car\bin\Ram\Obj\crt0.o"     #
#                    "C:\Users\hp\Desktop\balance car\bin\Ram\Obj\decoder.o"  #
#                    "C:\Users\hp\Desktop\balance car\bin\Ram\Obj\delay.o"    #
#                    "C:\Users\hp\Desktop\balance car\bin\Ram\Obj\gpio.o"     #
#                    "C:\Users\hp\Desktop\balance car\bin\Ram\Obj\isr.o"      #
#                    "C:\Users\hp\Desktop\balance car\bin\Ram\Obj\light.o"    #
#                    "C:\Users\hp\Desktop\balance car\bin\Ram\Obj\main.o"     #
#                    "C:\Users\hp\Desktop\balance car\bin\Ram\Obj\pit.o"      #
#                    "C:\Users\hp\Desktop\balance car\bin\Ram\Obj\pwm.o"      #
#                    "C:\Users\hp\Desktop\balance car\bin\Ram\Obj\start.o"    #
#                    "C:\Users\hp\Desktop\balance car\bin\Ram\Obj\sysinit.o"  #
#                    "C:\Users\hp\Desktop\balance car\bin\Ram\Obj\uart.o"     #
#                    "C:\Users\hp\Desktop\balance car\bin\Ram\Obj\vectors.o"  #
#                    "C:\Users\hp\Desktop\balance car\bin\Ram\Obj\wdog.o"     #
#                    --redirect _Printf=_PrintfFull --redirect                #
#                    _Scanf=_ScanfFull -o "C:\Users\hp\Desktop\balance        #
#                    car\bin\Ram\Exe\balance car.out" --map                   #
#                    "C:\Users\hp\Desktop\balance car\bin\Ram\List\balance    #
#                    car.map" --config "C:\Users\hp\Desktop\balance           #
#                    car\src\Project_Settings\Link\Ram.icf" --semihosting     #
#                    --entry __iar_program_start --vfe                        #
#                                                                             #
#                                                                             #
###############################################################################

*******************************************************************************
*** MESSAGES
***

Error[Li005]: no definition for "gyro" [referenced from
          C:\Users\hp\Desktop\balance car\bin\Ram\Obj\main.o]
Error[Li005]: no definition for "gravity" [referenced from
          C:\Users\hp\Desktop\balance car\bin\Ram\Obj\main.o]


*******************************************************************************
*** RUNTIME MODEL ATTRIBUTES
***

CppFlavor       = *
__SystemLibrary = DLib


*******************************************************************************
*** PLACEMENT SUMMARY
***

"A1":  place at 0x1fff0000 { ro section .intvec };
"A2":  place at 0x1fff0410 { ro section .noinit };
"P1":  place in [from 0x1fff0000 to 0x20010000] { ro, block CodeRelocate };
"P2":  place in [from 0x1fff0000 to 0x20010000] {
          rw, block CodeRelocateRam, block CSTACK, block HEAP };

  Section              Kind        Address    Size  Object
  -------              ----        -------    ----  ------
"A1":                                        0x410
  .intvec              const    0x1fff0000   0x410  vectors.o [1]
                              - 0x1fff0410   0x410

"A2":                                         0x3c
  .noinit              ro code  0x1fff0410    0x3c  crt0.o [1]
                              - 0x1fff044c    0x3c

"P1":                                       0x11e4
  .text                ro code  0x1fff044c   0x4f4  pwm.o [1]
  .text                ro code  0x1fff0940    0x94  gpio.o [1]
  .text                ro code  0x1fff09d4   0x286  uart.o [1]
  .text                ro code  0x1fff0c5a    0x22  zero_init3.o [5]
  .text                ro code  0x1fff0c7c    0xb4  common.o [1]
  .text                ro code  0x1fff0d30   0x284  adc.o [1]
  .text                ro code  0x1fff0fb4   0x1ac  sysinit.o [1]
  .text                ro code  0x1fff1160   0x104  decoder.o [1]
  .text                ro code  0x1fff1264   0x104  main.o [1]
  .text                ro code  0x1fff1368     0xc  delay.o [1]
  .text                ro code  0x1fff1374    0x24  FltCmpGe.o [4]
  .text                ro code  0x1fff1398    0x24  FltCmpLe.o [4]
  .text                ro code  0x1fff13bc    0xb8  pit.o [1]
  .text                ro code  0x1fff1474    0xb0  start.o [1]
  .text                ro code  0x1fff1524    0x38  wdog.o [1]
  CodeRelocate                  0x1fff155c    0x4c  <Block>
    Initializer bytes  ro data  0x1fff155c    0x4c  <for CodeRelocateRam-1> (used: 0x0)
  .text                ro code  0x1fff15a8    0x2c  data_init3.o [5]
  .iar.init_table      const    0x1fff15d4    0x10  - Linker created -
  .text                ro code  0x1fff15e4    0x16  cmain.o [5]
  .text                ro code  0x1fff15fa     0x4  low_level_init.o [3]
  .text                ro code  0x1fff15fe     0x4  exit.o [3]
  .text                ro code  0x1fff1602     0x2  vectors.o [1]
  .text                ro code  0x1fff1604     0xa  cexit.o [5]
  .text                ro code  0x1fff1610    0x14  exit.o [6]
  .text                ro code  0x1fff1624     0xc  cstartup_M.o [5]
  .rodata              const    0x1fff1630     0x0  bwt_init3c.o [5]
                              - 0x1fff1630  0x11e4

"P2", part 1 of 2:                            0x4c
  CodeRelocateRam               0x1fff1630    0x4c  <Block>
    CodeRelocateRam-1           0x1fff1630    0x4c  <Init block>
      .textrw          inited   0x1fff1630    0x4c  sysinit.o [1]
                              - 0x1fff167c    0x4c

"P2", part 2 of 2:                            0x2d
  .bss                          0x1fff167c    0x2d  <Block>
    .bss               zero     0x1fff167c    0x10  adc.o [1]
    .bss               zero     0x1fff168c     0x4  isr.o [1]
    .bss               zero     0x1fff1690     0x4  pwm.o [1]
    .bss               zero     0x1fff1694     0x4  pwm.o [1]
    .bss               zero     0x1fff1698     0x4  pwm.o [1]
    .bss               zero     0x1fff169c     0x4  sysinit.o [1]
    .bss               zero     0x1fff16a0     0x4  sysinit.o [1]
    .bss               zero     0x1fff16a4     0x4  sysinit.o [1]
    .bss               zero     0x1fff16a8     0x1  main.o [1]
                              - 0x1fff16a9    0x2d


*******************************************************************************
*** INIT TABLE
***

          Address     Size
          -------     ----
Zero (__iar_zero_init3)
    1 destination range, total size 0x2d:
          0x1fff167c  0x2d



*******************************************************************************
*** MODULE SUMMARY
***

    Module            ro code  rw code  ro data  rw data
    ------            -------  -------  -------  -------
C:\Users\hp\Desktop\balance car\bin\Ram\Obj: [1]
    adc.o                 644                         16
    common.o              180
    crt0.o                 60
    decoder.o             260
    delay.o                12
    gpio.o                148
    isr.o                                              4
    main.o                260                          1
    pit.o                 184
    pwm.o               1 268                         12
    start.o               176
    sysinit.o             428       76       76       12
    uart.o                646
    vectors.o               2             1 040
    wdog.o                 56
    ----------------------------------------------------
    Total:              4 324       76    1 116       45

command line: [2]
    ----------------------------------------------------
    Total:

dl7M_tln.a: [3]
    exit.o                  4
    low_level_init.o        4
    ----------------------------------------------------
    Total:                  8

m7M_tl.a: [4]
    FltCmpGe.o             36
    FltCmpLe.o             36
    ----------------------------------------------------
    Total:                 72

rt7M_tl.a: [5]
    bwt_init3c.o
    cexit.o                10
    cmain.o                22
    cstartup_M.o           12
    data_init3.o           44
    zero_init3.o           34
    ----------------------------------------------------
    Total:                122

shb_l.a: [6]
    exit.o                 20
    ----------------------------------------------------
    Total:                 20

    Gaps                    2
    Linker created                           16
--------------------------------------------------------
    Grand Total:        4 548       76    1 132       45


*******************************************************************************
*** ENTRY LIST
***

Entry                      Address   Size  Type      Object
-----                      -------   ----  ----      ------
.bss$$Base              0x1fff167c          --   Gb  - Linker created -
.bss$$Limit             0x1fff16a9          --   Gb  - Linker created -
.data$$Base             0x00000000          --   Gb  - Linker created -
.data_init$$Base        0x00000000          --   Gb  - Linker created -
.data_init$$Limit       0x00000000          --   Gb  - Linker created -
?main                   0x1fff15e5         Code  Gb  cmain.o [5]
CodeRelocate$$Base      0x1fff155c          --   Gb  - Linker created -
CodeRelocate$$Limit     0x1fff15a8          --   Gb  - Linker created -
CodeRelocateRam$$Base   0x1fff1630          --   Gb  - Linker created -
CodeRelocateRam$$Limit  0x1fff167c          --   Gb  - Linker created -
FTM_MOD0                0x1fff1690    0x4  Data  Gb  pwm.o [1]
FTM_MOD1                0x1fff1694    0x4  Data  Gb  pwm.o [1]
FTM_MOD2                0x1fff1698    0x4  Data  Gb  pwm.o [1]
FTM_PWM_ChangeDuty      0x1fff0735   0x9e  Code  Gb  pwm.o [1]
FTM_PWM_Init            0x1fff044d  0x2e8  Code  Gb  pwm.o [1]
FTM_QUAD_init           0x1fff1161  0x104  Code  Gb  decoder.o [1]
Master_Adc_Config       0x1fff167c   0x10  Data  Gb  adc.o [1]
Motor_init              0x1fff07d3   0xde  Code  Gb  pwm.o [1]
Region$$Table$$Base     0x1fff15d4          --   Gb  - Linker created -
Region$$Table$$Limit    0x1fff15e4          --   Gb  - Linker created -
__BOOT_STACK_ADDRESS {Abs}
                        0x2000fff8          --   Gb  command line/config [2]
__VECTOR_RAM {Abs}      0x1fff0000          --   Gb  command line/config [2]
__VECTOR_TABLE {Abs}    0x1fff0000          --   Gb  command line/config [2]
__aeabi_cfcmple         0x1fff1399         Code  Gb  FltCmpLe.o [4]
__aeabi_cfrcmple        0x1fff1375         Code  Gb  FltCmpGe.o [4]
__cmain                 0x1fff15e5         Code  Gb  cmain.o [5]
__exit                  0x1fff1611   0x14  Code  Gb  exit.o [6]
__iar_SB                0x1fff1630         Data  Gb  bwt_init3c.o [5]
__iar_data_init3        0x1fff15a9   0x2c  Code  Gb  data_init3.o [5]
__iar_program_start     0x1fff1625         Code  Gb  cstartup_M.o [5]
__iar_zero_init3        0x1fff0c5b   0x22  Code  Gb  zero_init3.o [5]
__low_level_init        0x1fff15fb    0x4  Code  Gb  low_level_init.o [3]
__startup               0x1fff0411         Code  Gb  crt0.o [1]
__vector_table          0x1fff0000  0x410  Data  Gb  vectors.o [1]
_call_main              0x1fff15f1         Code  Gb  cmain.o [5]
_exit                   0x1fff1605         Code  Gb  cexit.o [5]
_main                   0x1fff15f7         Code  Gb  cmain.o [5]
common_startup          0x1fff1489   0x74  Code  Gb  start.o [1]
core_clk_khz            0x1fff169c    0x4  Data  Gb  sysinit.o [1]
core_clk_mhz            0x1fff16a0    0x4  Data  Gb  sysinit.o [1]
default_isr             0x1fff1603    0x2  Code  Gb  vectors.o [1]
delay                   0x1fff1369    0xc  Code  Gb  delay.o [1]
enable_irq              0x1fff0c83   0x90  Code  Gb  common.o [1]
enable_pit_interrupt    0x1fff141b   0x4c  Code  Gb  pit.o [1]
enableuartreint         0x1fff0bc1   0x14  Code  Gb  uart.o [1]
exit                    0x1fff15ff    0x4  Code  Gb  exit.o [3]
fb_clk_init             0x1fff1013   0x16  Code  Gb  sysinit.o [1]
g_OverSlopeCnt          0x1fff16a8    0x1  Data  Gb  main.o [1]
g_fCarAngle             0x1fff168c    0x4  Data  Gb  isr.o [1]
get_byte_array_from_number
                        0x1fff0bd5   0x5a  Code  Gb  uart.o [1]
gpio_init               0x1fff0941   0x7a  Code  Gb  gpio.o [1]
hw_ad_ave               0x1fff0e2f   0x42  Code  Gb  adc.o [1]
hw_ad_mid               0x1fff0dc9   0x66  Code  Gb  adc.o [1]
hw_ad_once              0x1fff0d7f   0x4a  Code  Gb  adc.o [1]
hw_adc_config_alt       0x1fff0f6d   0x26  Code  Gb  adc.o [1]
hw_adc_convertstart     0x1fff0e71   0xfc  Code  Gb  adc.o [1]
hw_adc_init             0x1fff0d31   0x4e  Code  Gb  adc.o [1]
hw_pit_init             0x1fff13bd   0x5e  Code  Gb  pit.o [1]
main                    0x1fff1265   0x9c  Code  Gb  main.o [1]
periph_clk_khz          0x1fff16a4    0x4  Data  Gb  sysinit.o [1]
pll_init                0x1fff1029   0xf6  Code  Gb  sysinit.o [1]
set_sys_dividers        0x1fff1631   0x4c  Code  Gb  sysinit.o [1]
start                   0x1fff1475   0x14  Code  Gb  start.o [1]
sysinit                 0x1fff0fb5   0x48  Code  Gb  sysinit.o [1]
system_init             0x1fff1301   0x46  Code  Gb  main.o [1]
trace_clk_init          0x1fff0ffd   0x16  Code  Gb  sysinit.o [1]
uart_init               0x1fff09d5  0x174  Code  Gb  uart.o [1]
uart_send1              0x1fff0b99    0xa  Code  Gb  uart.o [1]
uart_sendN              0x1fff0ba3   0x1e  Code  Gb  uart.o [1]
uart_sendnumber         0x1fff0c2f   0x2c  Code  Gb  uart.o [1]
wdog_disable            0x1fff1525   0x16  Code  Gb  wdog.o [1]
wdog_unlock             0x1fff153d   0x16  Code  Gb  wdog.o [1]
write_vtor              0x1fff0c7d    0x6  Code  Gb  common.o [1]


[1] = C:\Users\hp\Desktop\balance car\bin\Ram\Obj
[2] = command line
[3] = dl7M_tln.a
[4] = m7M_tl.a
[5] = rt7M_tl.a
[6] = shb_l.a

  4 548 bytes of readonly  code memory
     76 bytes of readwrite code memory
  1 132 bytes of readonly  data memory
     45 bytes of readwrite data memory

Errors: 2
Warnings: none
